Archive member included because of file (symbol)

c:/program files (x86)/atmel/avr tools/avr toolchain/bin/../lib/gcc/avr/4.6.2/avr51\libgcc.a(_udivmodhi4.o)
                              CAN_NODE1.o (__udivmodhi4)
c:/program files (x86)/atmel/avr tools/avr toolchain/bin/../lib/gcc/avr/4.6.2/avr51\libgcc.a(_exit.o)
                              c:/program files (x86)/atmel/avr tools/avr toolchain/bin/../lib/gcc/avr/4.6.2/../../../../avr/lib/avr51/crtcan128.o (exit)
c:/program files (x86)/atmel/avr tools/avr toolchain/bin/../lib/gcc/avr/4.6.2/avr51\libgcc.a(_copy_data.o)
                              CAN_NODE1.o (__do_copy_data)
c:/program files (x86)/atmel/avr tools/avr toolchain/bin/../lib/gcc/avr/4.6.2/avr51\libgcc.a(_clear_bss.o)
                              CAN_NODE1.o (__do_clear_bss)
c:/program files (x86)/atmel/avr tools/avr toolchain/bin/../lib/gcc/avr/4.6.2/../../../../avr/lib/avr51\libc.a(sprintf.o)
                              CAN_NODE1.o (sprintf)
c:/program files (x86)/atmel/avr tools/avr toolchain/bin/../lib/gcc/avr/4.6.2/../../../../avr/lib/avr51\libc.a(vfprintf_std.o)
                              c:/program files (x86)/atmel/avr tools/avr toolchain/bin/../lib/gcc/avr/4.6.2/../../../../avr/lib/avr51\libc.a(sprintf.o) (vfprintf)
c:/program files (x86)/atmel/avr tools/avr toolchain/bin/../lib/gcc/avr/4.6.2/../../../../avr/lib/avr51\libc.a(strnlen_P.o)
                              c:/program files (x86)/atmel/avr tools/avr toolchain/bin/../lib/gcc/avr/4.6.2/../../../../avr/lib/avr51\libc.a(vfprintf_std.o) (strnlen_P)
c:/program files (x86)/atmel/avr tools/avr toolchain/bin/../lib/gcc/avr/4.6.2/../../../../avr/lib/avr51\libc.a(strnlen.o)
                              c:/program files (x86)/atmel/avr tools/avr toolchain/bin/../lib/gcc/avr/4.6.2/../../../../avr/lib/avr51\libc.a(vfprintf_std.o) (strnlen)
c:/program files (x86)/atmel/avr tools/avr toolchain/bin/../lib/gcc/avr/4.6.2/../../../../avr/lib/avr51\libc.a(fputc.o)
                              c:/program files (x86)/atmel/avr tools/avr toolchain/bin/../lib/gcc/avr/4.6.2/../../../../avr/lib/avr51\libc.a(vfprintf_std.o) (fputc)
c:/program files (x86)/atmel/avr tools/avr toolchain/bin/../lib/gcc/avr/4.6.2/../../../../avr/lib/avr51\libc.a(ultoa_invert.o)
                              c:/program files (x86)/atmel/avr tools/avr toolchain/bin/../lib/gcc/avr/4.6.2/../../../../avr/lib/avr51\libc.a(vfprintf_std.o) (__ultoa_invert)

Allocating common symbols
Common symbol       size              file

msg3                0xf               CAN_NODE1.o
ADdata              0x2               CAN_NODE1.o
volume              0x2               CAN_NODE1.o
current_mode        0x2               CAN_NODE1.o
voltage             0x2               CAN_NODE1.o
ADCFlag             0x1               CAN_NODE1.o
current_speed       0x2               CAN_NODE1.o
msg4                0xf               CAN_NODE1.o

Memory Configuration

Name             Origin             Length             Attributes
text             0x00000000         0x00020000         xr
data             0x00800100         0x0000ff00         rw !x
eeprom           0x00810000         0x00010000         rw !x
fuse             0x00820000         0x00000400         rw !x
lock             0x00830000         0x00000400         rw !x
signature        0x00840000         0x00000400         rw !x
*default*        0x00000000         0xffffffff

Linker script and memory map

Address of section .data set to 0x800100
LOAD c:/program files (x86)/atmel/avr tools/avr toolchain/bin/../lib/gcc/avr/4.6.2/../../../../avr/lib/avr51/crtcan128.o
LOAD CAN_NODE1.o
LOAD lcdControl.o
LOAD myCANLib.o
LOAD myDelay.o
LOAD c:/program files (x86)/atmel/avr tools/avr toolchain/bin/../lib/gcc/avr/4.6.2/avr51\libgcc.a
LOAD c:/program files (x86)/atmel/avr tools/avr toolchain/bin/../lib/gcc/avr/4.6.2/../../../../avr/lib/avr51\libc.a
LOAD c:/program files (x86)/atmel/avr tools/avr toolchain/bin/../lib/gcc/avr/4.6.2/avr51\libgcc.a

.hash
 *(.hash)

.dynsym
 *(.dynsym)

.dynstr
 *(.dynstr)

.gnu.version
 *(.gnu.version)

.gnu.version_d
 *(.gnu.version_d)

.gnu.version_r
 *(.gnu.version_r)

.rel.init
 *(.rel.init)

.rela.init
 *(.rela.init)

.rel.text
 *(.rel.text)
 *(.rel.text.*)
 *(.rel.gnu.linkonce.t*)

.rela.text
 *(.rela.text)
 *(.rela.text.*)
 *(.rela.gnu.linkonce.t*)

.rel.fini
 *(.rel.fini)

.rela.fini
 *(.rela.fini)

.rel.rodata
 *(.rel.rodata)
 *(.rel.rodata.*)
 *(.rel.gnu.linkonce.r*)

.rela.rodata
 *(.rela.rodata)
 *(.rela.rodata.*)
 *(.rela.gnu.linkonce.r*)

.rel.data
 *(.rel.data)
 *(.rel.data.*)
 *(.rel.gnu.linkonce.d*)

.rela.data
 *(.rela.data)
 *(.rela.data.*)
 *(.rela.gnu.linkonce.d*)

.rel.ctors
 *(.rel.ctors)

.rela.ctors
 *(.rela.ctors)

.rel.dtors
 *(.rel.dtors)

.rela.dtors
 *(.rela.dtors)

.rel.got
 *(.rel.got)

.rela.got
 *(.rela.got)

.rel.bss
 *(.rel.bss)

.rela.bss
 *(.rela.bss)

.rel.plt
 *(.rel.plt)

.rela.plt
 *(.rela.plt)

.text           0x00000000     0x11c4
 *(.vectors)
 .vectors       0x00000000       0x94 c:/program files (x86)/atmel/avr tools/avr toolchain/bin/../lib/gcc/avr/4.6.2/../../../../avr/lib/avr51/crtcan128.o
                0x00000000                __vector_default
                0x00000000                __vectors
 *(.vectors)
 *(.progmem.gcc*)
 *(.progmem*)
                0x00000094                . = ALIGN (0x2)
                0x00000094                __trampolines_start = .
 *(.trampolines)
 .trampolines   0x00000094        0x0 linker stubs
 *(.trampolines*)
                0x00000094                __trampolines_end = .
 *(.jumptables)
 *(.jumptables*)
 *(.lowtext)
 *(.lowtext*)
                0x00000094                __ctors_start = .
 *(.ctors)
                0x00000094                __ctors_end = .
                0x00000094                __dtors_start = .
 *(.dtors)
                0x00000094                __dtors_end = .
 SORT(*)(.ctors)
 SORT(*)(.dtors)
 *(.init0)
 .init0         0x00000094        0x0 c:/program files (x86)/atmel/avr tools/avr toolchain/bin/../lib/gcc/avr/4.6.2/../../../../avr/lib/avr51/crtcan128.o
                0x00000094                __init
 *(.init0)
 *(.init1)
 *(.init1)
 *(.init2)
 .init2         0x00000094        0xc c:/program files (x86)/atmel/avr tools/avr toolchain/bin/../lib/gcc/avr/4.6.2/../../../../avr/lib/avr51/crtcan128.o
 *(.init2)
 *(.init3)
 *(.init3)
 *(.init4)
 .init4         0x000000a0       0x1a c:/program files (x86)/atmel/avr tools/avr toolchain/bin/../lib/gcc/avr/4.6.2/avr51\libgcc.a(_copy_data.o)
                0x000000a0                __do_copy_data
 .init4         0x000000ba       0x10 c:/program files (x86)/atmel/avr tools/avr toolchain/bin/../lib/gcc/avr/4.6.2/avr51\libgcc.a(_clear_bss.o)
                0x000000ba                __do_clear_bss
 *(.init4)
 *(.init5)
 *(.init5)
 *(.init6)
 *(.init6)
 *(.init7)
 *(.init7)
 *(.init8)
 *(.init8)
 *(.init9)
 .init9         0x000000ca        0x8 c:/program files (x86)/atmel/avr tools/avr toolchain/bin/../lib/gcc/avr/4.6.2/../../../../avr/lib/avr51/crtcan128.o
 *(.init9)
 *(.text)
 .text          0x000000d2        0x4 c:/program files (x86)/atmel/avr tools/avr toolchain/bin/../lib/gcc/avr/4.6.2/../../../../avr/lib/avr51/crtcan128.o
                0x000000d2                __vector_22
                0x000000d2                __vector_28
                0x000000d2                __vector_1
                0x000000d2                __vector_32
                0x000000d2                __vector_34
                0x000000d2                __vector_24
                0x000000d2                __vector_12
                0x000000d2                __bad_interrupt
                0x000000d2                __vector_6
                0x000000d2                __vector_31
                0x000000d2                __vector_35
                0x000000d2                __vector_3
                0x000000d2                __vector_23
                0x000000d2                __vector_30
                0x000000d2                __vector_11
                0x000000d2                __vector_13
                0x000000d2                __vector_17
                0x000000d2                __vector_19
                0x000000d2                __vector_7
                0x000000d2                __vector_27
                0x000000d2                __vector_5
                0x000000d2                __vector_33
                0x000000d2                __vector_4
                0x000000d2                __vector_9
                0x000000d2                __vector_2
                0x000000d2                __vector_21
                0x000000d2                __vector_15
                0x000000d2                __vector_36
                0x000000d2                __vector_29
                0x000000d2                __vector_8
                0x000000d2                __vector_26
                0x000000d2                __vector_14
                0x000000d2                __vector_10
                0x000000d2                __vector_16
                0x000000d2                __vector_18
                0x000000d2                __vector_20
 .text          0x000000d6      0x112 CAN_NODE1.o
                0x000000d6                initAdc
                0x000000ee                usart1_init
                0x0000010a                usart1_receive
                0x00000118                usart1_transmit
                0x00000126                usart1_transmit_string
                0x0000013e                __vector_25
                0x00000170                ADcLCD
                0x000001a4                initPort
                0x000001b8                ButtonInput
 .text          0x000001e8       0xde lcdControl.o
                0x000001e8                E_Pulse
                0x000001f6                LCD_init
                0x00000238                LCD_cmd
                0x00000244                Write_Char
                0x00000250                LCD_Disp
                0x0000026a                LCD_Write
                0x000002a6                LCD_Write_char
 .text          0x000002c6      0x6ce myCANLib.o
                0x000002c6                can_init
                0x00000396                can_init_8Mhz
                0x00000486                can_tx
                0x00000594                can_rx
                0x000006c4                can_rx_set
                0x00000808                can_int_rx_set
 .text          0x00000994       0x4a myDelay.o
                0x00000994                delay
                0x00000996                us_delay
                0x000009b4                ms_delay
 .text          0x000009de        0x0 c:/program files (x86)/atmel/avr tools/avr toolchain/bin/../lib/gcc/avr/4.6.2/avr51\libgcc.a(_udivmodhi4.o)
 .text          0x000009de        0x0 c:/program files (x86)/atmel/avr tools/avr toolchain/bin/../lib/gcc/avr/4.6.2/avr51\libgcc.a(_exit.o)
 .text          0x000009de        0x0 c:/program files (x86)/atmel/avr tools/avr toolchain/bin/../lib/gcc/avr/4.6.2/avr51\libgcc.a(_copy_data.o)
 .text          0x000009de        0x0 c:/program files (x86)/atmel/avr tools/avr toolchain/bin/../lib/gcc/avr/4.6.2/avr51\libgcc.a(_clear_bss.o)
 .text          0x000009de        0x0 c:/program files (x86)/atmel/avr tools/avr toolchain/bin/../lib/gcc/avr/4.6.2/../../../../avr/lib/avr51\libc.a(sprintf.o)
 .text          0x000009de        0x0 c:/program files (x86)/atmel/avr tools/avr toolchain/bin/../lib/gcc/avr/4.6.2/../../../../avr/lib/avr51\libc.a(vfprintf_std.o)
 .text          0x000009de        0x0 c:/program files (x86)/atmel/avr tools/avr toolchain/bin/../lib/gcc/avr/4.6.2/../../../../avr/lib/avr51\libc.a(strnlen_P.o)
 .text          0x000009de        0x0 c:/program files (x86)/atmel/avr tools/avr toolchain/bin/../lib/gcc/avr/4.6.2/../../../../avr/lib/avr51\libc.a(strnlen.o)
 .text          0x000009de        0x0 c:/program files (x86)/atmel/avr tools/avr toolchain/bin/../lib/gcc/avr/4.6.2/../../../../avr/lib/avr51\libc.a(fputc.o)
 .text          0x000009de        0x0 c:/program files (x86)/atmel/avr tools/avr toolchain/bin/../lib/gcc/avr/4.6.2/../../../../avr/lib/avr51\libc.a(ultoa_invert.o)
                0x000009de                . = ALIGN (0x2)
 *(.text.*)
 .text.startup  0x000009de      0x20e CAN_NODE1.o
                0x000009de                main
 .text.libgcc   0x00000bec       0x28 c:/program files (x86)/atmel/avr tools/avr toolchain/bin/../lib/gcc/avr/4.6.2/avr51\libgcc.a(_udivmodhi4.o)
                0x00000bec                __udivmodhi4
 .text.libgcc   0x00000c14        0x0 c:/program files (x86)/atmel/avr tools/avr toolchain/bin/../lib/gcc/avr/4.6.2/avr51\libgcc.a(_exit.o)
 .text.libgcc   0x00000c14        0x0 c:/program files (x86)/atmel/avr tools/avr toolchain/bin/../lib/gcc/avr/4.6.2/avr51\libgcc.a(_copy_data.o)
 .text.libgcc   0x00000c14        0x0 c:/program files (x86)/atmel/avr tools/avr toolchain/bin/../lib/gcc/avr/4.6.2/avr51\libgcc.a(_clear_bss.o)
 .text.avr-libc
                0x00000c14       0x5e c:/program files (x86)/atmel/avr tools/avr toolchain/bin/../lib/gcc/avr/4.6.2/../../../../avr/lib/avr51\libc.a(sprintf.o)
                0x00000c14                sprintf
 .text.avr-libc
                0x00000c72      0x40e c:/program files (x86)/atmel/avr tools/avr toolchain/bin/../lib/gcc/avr/4.6.2/../../../../avr/lib/avr51\libc.a(vfprintf_std.o)
                0x00000c72                vfprintf
 .text.avr-libc
                0x00001080       0x16 c:/program files (x86)/atmel/avr tools/avr toolchain/bin/../lib/gcc/avr/4.6.2/../../../../avr/lib/avr51\libc.a(strnlen_P.o)
                0x00001080                strnlen_P
 .text.avr-libc
                0x00001096       0x16 c:/program files (x86)/atmel/avr tools/avr toolchain/bin/../lib/gcc/avr/4.6.2/../../../../avr/lib/avr51\libc.a(strnlen.o)
                0x00001096                strnlen
 .text.avr-libc
                0x000010ac       0x58 c:/program files (x86)/atmel/avr tools/avr toolchain/bin/../lib/gcc/avr/4.6.2/../../../../avr/lib/avr51\libc.a(fputc.o)
                0x000010ac                fputc
 .text.avr-libc
                0x00001104       0xbc c:/program files (x86)/atmel/avr tools/avr toolchain/bin/../lib/gcc/avr/4.6.2/../../../../avr/lib/avr51\libc.a(ultoa_invert.o)
                0x00001104                __ultoa_invert
                0x000011c0                . = ALIGN (0x2)
 *(.fini9)
 .fini9         0x000011c0        0x0 c:/program files (x86)/atmel/avr tools/avr toolchain/bin/../lib/gcc/avr/4.6.2/avr51\libgcc.a(_exit.o)
                0x000011c0                _exit
                0x000011c0                exit
 *(.fini9)
 *(.fini8)
 *(.fini8)
 *(.fini7)
 *(.fini7)
 *(.fini6)
 *(.fini6)
 *(.fini5)
 *(.fini5)
 *(.fini4)
 *(.fini4)
 *(.fini3)
 *(.fini3)
 *(.fini2)
 *(.fini2)
 *(.fini1)
 *(.fini1)
 *(.fini0)
 .fini0         0x000011c0        0x4 c:/program files (x86)/atmel/avr tools/avr toolchain/bin/../lib/gcc/avr/4.6.2/avr51\libgcc.a(_exit.o)
 *(.fini0)
                0x000011c4                _etext = .

.data           0x00800100       0x64 load address 0x000011c4
                0x00800100                PROVIDE (__data_start, .)
 *(.data)
 .data          0x00800100        0x0 c:/program files (x86)/atmel/avr tools/avr toolchain/bin/../lib/gcc/avr/4.6.2/../../../../avr/lib/avr51/crtcan128.o
 .data          0x00800100       0x63 CAN_NODE1.o
                0x00800121                mode
                0x00800145                msg2
                0x00800154                msg1
 .data          0x00800163        0x0 lcdControl.o
 .data          0x00800163        0x0 myCANLib.o
 .data          0x00800163        0x0 myDelay.o
 .data          0x00800163        0x0 c:/program files (x86)/atmel/avr tools/avr toolchain/bin/../lib/gcc/avr/4.6.2/avr51\libgcc.a(_udivmodhi4.o)
 .data          0x00800163        0x0 c:/program files (x86)/atmel/avr tools/avr toolchain/bin/../lib/gcc/avr/4.6.2/avr51\libgcc.a(_exit.o)
 .data          0x00800163        0x0 c:/program files (x86)/atmel/avr tools/avr toolchain/bin/../lib/gcc/avr/4.6.2/avr51\libgcc.a(_copy_data.o)
 .data          0x00800163        0x0 c:/program files (x86)/atmel/avr tools/avr toolchain/bin/../lib/gcc/avr/4.6.2/avr51\libgcc.a(_clear_bss.o)
 .data          0x00800163        0x0 c:/program files (x86)/atmel/avr tools/avr toolchain/bin/../lib/gcc/avr/4.6.2/../../../../avr/lib/avr51\libc.a(sprintf.o)
 .data          0x00800163        0x0 c:/program files (x86)/atmel/avr tools/avr toolchain/bin/../lib/gcc/avr/4.6.2/../../../../avr/lib/avr51\libc.a(vfprintf_std.o)
 .data          0x00800163        0x0 c:/program files (x86)/atmel/avr tools/avr toolchain/bin/../lib/gcc/avr/4.6.2/../../../../avr/lib/avr51\libc.a(strnlen_P.o)
 .data          0x00800163        0x0 c:/program files (x86)/atmel/avr tools/avr toolchain/bin/../lib/gcc/avr/4.6.2/../../../../avr/lib/avr51\libc.a(strnlen.o)
 .data          0x00800163        0x0 c:/program files (x86)/atmel/avr tools/avr toolchain/bin/../lib/gcc/avr/4.6.2/../../../../avr/lib/avr51\libc.a(fputc.o)
 .data          0x00800163        0x0 c:/program files (x86)/atmel/avr tools/avr toolchain/bin/../lib/gcc/avr/4.6.2/../../../../avr/lib/avr51\libc.a(ultoa_invert.o)
 *(.data*)
 *(.rodata)
 *(.rodata*)
 *(.gnu.linkonce.d*)
                0x00800164                . = ALIGN (0x2)
 *fill*         0x00800163        0x1 00
                0x00800164                _edata = .
                0x00800164                PROVIDE (__data_end, .)

.bss            0x00800164       0x3f
                0x00800164                PROVIDE (__bss_start, .)
 *(.bss)
 .bss           0x00800164        0x0 c:/program files (x86)/atmel/avr tools/avr toolchain/bin/../lib/gcc/avr/4.6.2/../../../../avr/lib/avr51/crtcan128.o
 .bss           0x00800164       0x16 CAN_NODE1.o
                0x00800164                safeBarCheck
                0x00800166                strBuff
 .bss           0x0080017a        0x0 lcdControl.o
 .bss           0x0080017a        0x0 myCANLib.o
 .bss           0x0080017a        0x0 myDelay.o
 .bss           0x0080017a        0x0 c:/program files (x86)/atmel/avr tools/avr toolchain/bin/../lib/gcc/avr/4.6.2/avr51\libgcc.a(_udivmodhi4.o)
 .bss           0x0080017a        0x0 c:/program files (x86)/atmel/avr tools/avr toolchain/bin/../lib/gcc/avr/4.6.2/avr51\libgcc.a(_exit.o)
 .bss           0x0080017a        0x0 c:/program files (x86)/atmel/avr tools/avr toolchain/bin/../lib/gcc/avr/4.6.2/avr51\libgcc.a(_copy_data.o)
 .bss           0x0080017a        0x0 c:/program files (x86)/atmel/avr tools/avr toolchain/bin/../lib/gcc/avr/4.6.2/avr51\libgcc.a(_clear_bss.o)
 .bss           0x0080017a        0x0 c:/program files (x86)/atmel/avr tools/avr toolchain/bin/../lib/gcc/avr/4.6.2/../../../../avr/lib/avr51\libc.a(sprintf.o)
 .bss           0x0080017a        0x0 c:/program files (x86)/atmel/avr tools/avr toolchain/bin/../lib/gcc/avr/4.6.2/../../../../avr/lib/avr51\libc.a(vfprintf_std.o)
 .bss           0x0080017a        0x0 c:/program files (x86)/atmel/avr tools/avr toolchain/bin/../lib/gcc/avr/4.6.2/../../../../avr/lib/avr51\libc.a(strnlen_P.o)
 .bss           0x0080017a        0x0 c:/program files (x86)/atmel/avr tools/avr toolchain/bin/../lib/gcc/avr/4.6.2/../../../../avr/lib/avr51\libc.a(strnlen.o)
 .bss           0x0080017a        0x0 c:/program files (x86)/atmel/avr tools/avr toolchain/bin/../lib/gcc/avr/4.6.2/../../../../avr/lib/avr51\libc.a(fputc.o)
 .bss           0x0080017a        0x0 c:/program files (x86)/atmel/avr tools/avr toolchain/bin/../lib/gcc/avr/4.6.2/../../../../avr/lib/avr51\libc.a(ultoa_invert.o)
 *(.bss*)
 *(COMMON)
 COMMON         0x0080017a       0x29 CAN_NODE1.o
                0x0080017a                msg3
                0x00800189                ADdata
                0x0080018b                volume
                0x0080018d                current_mode
                0x0080018f                voltage
                0x00800191                ADCFlag
                0x00800192                current_speed
                0x00800194                msg4
                0x008001a3                PROVIDE (__bss_end, .)
                0x000011c4                __data_load_start = LOADADDR (.data)
                0x00001228                __data_load_end = (__data_load_start + SIZEOF (.data))

.noinit         0x008001a3        0x0
                0x008001a3                PROVIDE (__noinit_start, .)
 *(.noinit*)
                0x008001a3                PROVIDE (__noinit_end, .)
                0x008001a3                _end = .
                0x008001a3                PROVIDE (__heap_start, .)

.eeprom         0x00810000        0x0
 *(.eeprom*)
                0x00810000                __eeprom_end = .

.fuse
 *(.fuse)
 *(.lfuse)
 *(.hfuse)
 *(.efuse)

.lock
 *(.lock*)

.signature
 *(.signature*)

.stab           0x00000000      0xc84
 *(.stab)
 .stab          0x00000000      0x6cc c:/program files (x86)/atmel/avr tools/avr toolchain/bin/../lib/gcc/avr/4.6.2/../../../../avr/lib/avr51/crtcan128.o
 .stab          0x000006cc       0x9c c:/program files (x86)/atmel/avr tools/avr toolchain/bin/../lib/gcc/avr/4.6.2/../../../../avr/lib/avr51\libc.a(strnlen_P.o)
                                 0xa8 (size before relaxing)
 .stab          0x00000768       0x9c c:/program files (x86)/atmel/avr tools/avr toolchain/bin/../lib/gcc/avr/4.6.2/../../../../avr/lib/avr51\libc.a(strnlen.o)
                                 0xa8 (size before relaxing)
 .stab          0x00000804      0x480 c:/program files (x86)/atmel/avr tools/avr toolchain/bin/../lib/gcc/avr/4.6.2/../../../../avr/lib/avr51\libc.a(ultoa_invert.o)
                                0x48c (size before relaxing)

.stabstr        0x00000000      0x1b6
 *(.stabstr)
 .stabstr       0x00000000      0x1b6 c:/program files (x86)/atmel/avr tools/avr toolchain/bin/../lib/gcc/avr/4.6.2/../../../../avr/lib/avr51/crtcan128.o

.stab.excl
 *(.stab.excl)

.stab.exclstr
 *(.stab.exclstr)

.stab.index
 *(.stab.index)

.stab.indexstr
 *(.stab.indexstr)

.comment
 *(.comment)

.debug
 *(.debug)

.line
 *(.line)

.debug_srcinfo
 *(.debug_srcinfo)

.debug_sfnames
 *(.debug_sfnames)

.debug_aranges  0x00000000      0x168
 *(.debug_aranges)
 .debug_aranges
                0x00000000       0x28 CAN_NODE1.o
 .debug_aranges
                0x00000028       0x20 lcdControl.o
 .debug_aranges
                0x00000048       0x20 myCANLib.o
 .debug_aranges
                0x00000068       0x20 myDelay.o
 .debug_aranges
                0x00000088       0x20 c:/program files (x86)/atmel/avr tools/avr toolchain/bin/../lib/gcc/avr/4.6.2/avr51\libgcc.a(_udivmodhi4.o)
 .debug_aranges
                0x000000a8       0x20 c:/program files (x86)/atmel/avr tools/avr toolchain/bin/../lib/gcc/avr/4.6.2/avr51\libgcc.a(_exit.o)
 .debug_aranges
                0x000000c8       0x20 c:/program files (x86)/atmel/avr tools/avr toolchain/bin/../lib/gcc/avr/4.6.2/avr51\libgcc.a(_copy_data.o)
 .debug_aranges
                0x000000e8       0x20 c:/program files (x86)/atmel/avr tools/avr toolchain/bin/../lib/gcc/avr/4.6.2/avr51\libgcc.a(_clear_bss.o)
 .debug_aranges
                0x00000108       0x20 c:/program files (x86)/atmel/avr tools/avr toolchain/bin/../lib/gcc/avr/4.6.2/../../../../avr/lib/avr51\libc.a(sprintf.o)
 .debug_aranges
                0x00000128       0x20 c:/program files (x86)/atmel/avr tools/avr toolchain/bin/../lib/gcc/avr/4.6.2/../../../../avr/lib/avr51\libc.a(vfprintf_std.o)
 .debug_aranges
                0x00000148       0x20 c:/program files (x86)/atmel/avr tools/avr toolchain/bin/../lib/gcc/avr/4.6.2/../../../../avr/lib/avr51\libc.a(fputc.o)

.debug_pubnames
 *(.debug_pubnames)

.debug_info     0x00000000     0x1391
 *(.debug_info)
 .debug_info    0x00000000      0x415 CAN_NODE1.o
 .debug_info    0x00000415      0x1a7 lcdControl.o
 .debug_info    0x000005bc      0x331 myCANLib.o
 .debug_info    0x000008ed       0xcc myDelay.o
 .debug_info    0x000009b9       0xde c:/program files (x86)/atmel/avr tools/avr toolchain/bin/../lib/gcc/avr/4.6.2/avr51\libgcc.a(_udivmodhi4.o)
 .debug_info    0x00000a97       0xde c:/program files (x86)/atmel/avr tools/avr toolchain/bin/../lib/gcc/avr/4.6.2/avr51\libgcc.a(_exit.o)
 .debug_info    0x00000b75       0xde c:/program files (x86)/atmel/avr tools/avr toolchain/bin/../lib/gcc/avr/4.6.2/avr51\libgcc.a(_copy_data.o)
 .debug_info    0x00000c53       0xde c:/program files (x86)/atmel/avr tools/avr toolchain/bin/../lib/gcc/avr/4.6.2/avr51\libgcc.a(_clear_bss.o)
 .debug_info    0x00000d31      0x1b7 c:/program files (x86)/atmel/avr tools/avr toolchain/bin/../lib/gcc/avr/4.6.2/../../../../avr/lib/avr51\libc.a(sprintf.o)
 .debug_info    0x00000ee8      0x342 c:/program files (x86)/atmel/avr tools/avr toolchain/bin/../lib/gcc/avr/4.6.2/../../../../avr/lib/avr51\libc.a(vfprintf_std.o)
 .debug_info    0x0000122a      0x167 c:/program files (x86)/atmel/avr tools/avr toolchain/bin/../lib/gcc/avr/4.6.2/../../../../avr/lib/avr51\libc.a(fputc.o)
 *(.gnu.linkonce.wi.*)

.debug_abbrev   0x00000000      0x7db
 *(.debug_abbrev)
 .debug_abbrev  0x00000000      0x1ab CAN_NODE1.o
 .debug_abbrev  0x000001ab       0xa7 lcdControl.o
 .debug_abbrev  0x00000252      0x16c myCANLib.o
 .debug_abbrev  0x000003be       0x96 myDelay.o
 .debug_abbrev  0x00000454       0x14 c:/program files (x86)/atmel/avr tools/avr toolchain/bin/../lib/gcc/avr/4.6.2/avr51\libgcc.a(_udivmodhi4.o)
 .debug_abbrev  0x00000468       0x14 c:/program files (x86)/atmel/avr tools/avr toolchain/bin/../lib/gcc/avr/4.6.2/avr51\libgcc.a(_exit.o)
 .debug_abbrev  0x0000047c       0x14 c:/program files (x86)/atmel/avr tools/avr toolchain/bin/../lib/gcc/avr/4.6.2/avr51\libgcc.a(_copy_data.o)
 .debug_abbrev  0x00000490       0x14 c:/program files (x86)/atmel/avr tools/avr toolchain/bin/../lib/gcc/avr/4.6.2/avr51\libgcc.a(_clear_bss.o)
 .debug_abbrev  0x000004a4       0xfd c:/program files (x86)/atmel/avr tools/avr toolchain/bin/../lib/gcc/avr/4.6.2/../../../../avr/lib/avr51\libc.a(sprintf.o)
 .debug_abbrev  0x000005a1      0x161 c:/program files (x86)/atmel/avr tools/avr toolchain/bin/../lib/gcc/avr/4.6.2/../../../../avr/lib/avr51\libc.a(vfprintf_std.o)
 .debug_abbrev  0x00000702       0xd9 c:/program files (x86)/atmel/avr tools/avr toolchain/bin/../lib/gcc/avr/4.6.2/../../../../avr/lib/avr51\libc.a(fputc.o)

.debug_line     0x00000000      0xba3
 *(.debug_line)
 .debug_line    0x00000000      0x166 CAN_NODE1.o
 .debug_line    0x00000166       0xef lcdControl.o
 .debug_line    0x00000255      0x1c5 myCANLib.o
 .debug_line    0x0000041a       0x7d myDelay.o
 .debug_line    0x00000497       0x9a c:/program files (x86)/atmel/avr tools/avr toolchain/bin/../lib/gcc/avr/4.6.2/avr51\libgcc.a(_udivmodhi4.o)
 .debug_line    0x00000531       0x88 c:/program files (x86)/atmel/avr tools/avr toolchain/bin/../lib/gcc/avr/4.6.2/avr51\libgcc.a(_exit.o)
 .debug_line    0x000005b9       0x93 c:/program files (x86)/atmel/avr tools/avr toolchain/bin/../lib/gcc/avr/4.6.2/avr51\libgcc.a(_copy_data.o)
 .debug_line    0x0000064c       0x8e c:/program files (x86)/atmel/avr tools/avr toolchain/bin/../lib/gcc/avr/4.6.2/avr51\libgcc.a(_clear_bss.o)
 .debug_line    0x000006da      0x157 c:/program files (x86)/atmel/avr tools/avr toolchain/bin/../lib/gcc/avr/4.6.2/../../../../avr/lib/avr51\libc.a(sprintf.o)
 .debug_line    0x00000831      0x291 c:/program files (x86)/atmel/avr tools/avr toolchain/bin/../lib/gcc/avr/4.6.2/../../../../avr/lib/avr51\libc.a(vfprintf_std.o)
 .debug_line    0x00000ac2       0xe1 c:/program files (x86)/atmel/avr tools/avr toolchain/bin/../lib/gcc/avr/4.6.2/../../../../avr/lib/avr51\libc.a(fputc.o)

.debug_frame    0x00000000      0x3cc
 *(.debug_frame)
 .debug_frame   0x00000000       0xec CAN_NODE1.o
 .debug_frame   0x000000ec       0xb0 lcdControl.o
 .debug_frame   0x0000019c       0xe0 myCANLib.o
 .debug_frame   0x0000027c       0x58 myDelay.o
 .debug_frame   0x000002d4       0x3c c:/program files (x86)/atmel/avr tools/avr toolchain/bin/../lib/gcc/avr/4.6.2/../../../../avr/lib/avr51\libc.a(sprintf.o)
 .debug_frame   0x00000310       0x84 c:/program files (x86)/atmel/avr tools/avr toolchain/bin/../lib/gcc/avr/4.6.2/../../../../avr/lib/avr51\libc.a(vfprintf_std.o)
 .debug_frame   0x00000394       0x38 c:/program files (x86)/atmel/avr tools/avr toolchain/bin/../lib/gcc/avr/4.6.2/../../../../avr/lib/avr51\libc.a(fputc.o)

.debug_str      0x00000000      0x499
 *(.debug_str)
 .debug_str     0x00000000      0x194 CAN_NODE1.o
                                0x1d7 (size before relaxing)
 .debug_str     0x00000194       0x73 lcdControl.o
                                 0xf3 (size before relaxing)
 .debug_str     0x00000207       0xac myCANLib.o
                                0x131 (size before relaxing)
 .debug_str     0x000002b3       0x53 myDelay.o
                                 0x72 (size before relaxing)
 .debug_str     0x00000306       0x99 c:/program files (x86)/atmel/avr tools/avr toolchain/bin/../lib/gcc/avr/4.6.2/../../../../avr/lib/avr51\libc.a(sprintf.o)
                                0x121 (size before relaxing)
 .debug_str     0x0000039f       0xa4 c:/program files (x86)/atmel/avr tools/avr toolchain/bin/../lib/gcc/avr/4.6.2/../../../../avr/lib/avr51\libc.a(vfprintf_std.o)
                                0x16b (size before relaxing)
 .debug_str     0x00000443       0x56 c:/program files (x86)/atmel/avr tools/avr toolchain/bin/../lib/gcc/avr/4.6.2/../../../../avr/lib/avr51\libc.a(fputc.o)
                                 0xfb (size before relaxing)

.debug_loc      0x00000000     0x1188
 *(.debug_loc)
 .debug_loc     0x00000000      0x17c CAN_NODE1.o
 .debug_loc     0x0000017c      0x186 lcdControl.o
 .debug_loc     0x00000302      0x6f6 myCANLib.o
 .debug_loc     0x000009f8       0xb9 myDelay.o
 .debug_loc     0x00000ab1       0x55 c:/program files (x86)/atmel/avr tools/avr toolchain/bin/../lib/gcc/avr/4.6.2/../../../../avr/lib/avr51\libc.a(sprintf.o)
 .debug_loc     0x00000b06      0x5e9 c:/program files (x86)/atmel/avr tools/avr toolchain/bin/../lib/gcc/avr/4.6.2/../../../../avr/lib/avr51\libc.a(vfprintf_std.o)
 .debug_loc     0x000010ef       0x99 c:/program files (x86)/atmel/avr tools/avr toolchain/bin/../lib/gcc/avr/4.6.2/../../../../avr/lib/avr51\libc.a(fputc.o)

.debug_macinfo
 *(.debug_macinfo)
OUTPUT(CAN_NODE1.elf elf32-avr)
LOAD linker stubs

.debug_ranges   0x00000000       0x48
 .debug_ranges  0x00000000       0x18 CAN_NODE1.o
 .debug_ranges  0x00000018       0x10 c:/program files (x86)/atmel/avr tools/avr toolchain/bin/../lib/gcc/avr/4.6.2/../../../../avr/lib/avr51\libc.a(sprintf.o)
 .debug_ranges  0x00000028       0x10 c:/program files (x86)/atmel/avr tools/avr toolchain/bin/../lib/gcc/avr/4.6.2/../../../../avr/lib/avr51\libc.a(vfprintf_std.o)
 .debug_ranges  0x00000038       0x10 c:/program files (x86)/atmel/avr tools/avr toolchain/bin/../lib/gcc/avr/4.6.2/../../../../avr/lib/avr51\libc.a(fputc.o)
